src/components/AdminTeamLeaderSidebar.tsx(77,55): error TS2345: Argument of type 'string' is not assignable to parameter of type '"password" | "department" | "pending" | "academic_coordinator" | "managing_director" | "stock_clerk" | "store_keeper" | "dormitory_leader" | "cafeteria_leader" | "sports_leader" | ... 509 more ... | "search_personnel_placeholder"'.
src/components/DepartmentHeadDashboardContent.tsx(29,32): error TS2769: No overload matches this call.
  Overload 1 of 3, '(firestore: Firestore, path: string, ...pathSegments: string[]): CollectionReference<DocumentData, DocumentData>', gave the following error.
    Argument of type 'Firestore | null' is not assignable to parameter of type 'Firestore'.
      Type 'null' is not assignable to type 'Firestore'.
  Overload 2 of 3, '(reference: CollectionReference<unknown, DocumentData>, path: string, ...pathSegments: string[]): CollectionReference<DocumentData, DocumentData>', gave the following error.
    Argument of type 'Firestore | null' is not assignable to parameter of type 'CollectionReference<unknown, DocumentData>'.
      Type 'null' is not assignable to type 'CollectionReference<unknown, DocumentData>'.
  Overload 3 of 3, '(reference: DocumentReference<unknown, DocumentData>, path: string, ...pathSegments: string[]): CollectionReference<DocumentData, DocumentData>', gave the following error.
    Argument of type 'Firestore | null' is not assignable to parameter of type 'DocumentReference<unknown, DocumentData>'.
      Type 'null' is not assignable to type 'DocumentReference<unknown, DocumentData>'.
src/components/DepartmentHeadDashboardContent.tsx(36,32): error TS2769: No overload matches this call.
  Overload 1 of 3, '(firestore: Firestore, path: string, ...pathSegments: string[]): CollectionReference<DocumentData, DocumentData>', gave the following error.
    Argument of type 'Firestore | null' is not assignable to parameter of type 'Firestore'.
      Type 'null' is not assignable to type 'Firestore'.
  Overload 2 of 3, '(reference: CollectionReference<unknown, DocumentData>, path: string, ...pathSegments: string[]): CollectionReference<DocumentData, DocumentData>', gave the following error.
    Argument of type 'Firestore | null' is not assignable to parameter of type 'CollectionReference<unknown, DocumentData>'.
      Type 'null' is not assignable to type 'CollectionReference<unknown, DocumentData>'.
  Overload 3 of 3, '(reference: DocumentReference<unknown, DocumentData>, path: string, ...pathSegments: string[]): CollectionReference<DocumentData, DocumentData>', gave the following error.
    Argument of type 'Firestore | null' is not assignable to parameter of type 'DocumentReference<unknown, DocumentData>'.
      Type 'null' is not assignable to type 'DocumentReference<unknown, DocumentData>'.
